a4wide
adobemapping
ae
algorithms
amscls
amsfonts
amsmath
appendix
arphic
atbegshi
atveryend
auxhook
babel
babel-english
bbm-macros
beamer
bibtex
bigintcalc
bitset
booktabs
breakurl
caption
catoptions
charter
cite
cjk
cjkpunct
cleveref
cm
cns
colortbl
comment
courier
ctablestack
ctex
dehyph
dvipdfmx
dvips
ec
eepic
enumitem
environ
epstopdf-pkg
eso-pic
etex
etexcmds
etoolbox
euenc
eurosym
everyhook
extsizes
fancyhdr
fancyvrb
fandol
filehook
float
floatrow
fontaxes
fontspec
fonts-tlwg
framed
garuda-c90
geometry
gettitlestring
glyphlist
graphics
graphics-cfg
graphics-def
grffile
hardwrap
helvetic
hycolor
hyperref
hyph-utf8
iftex
inconsolata
infwarerr
intcalc
knuth-lib
koma-script
kvdefinekeys
kvoptions
kvsetkeys
l3backend
l3kernel
l3packages
lastpage
latex
latex-amsmath-dev
latex-base-dev
latex-bin
latexconfig
latex-fonts
latexmk
latex-tools-dev
letltxmacro
lettrine
libertine
lipsum
listings
lm
lm-math
ltxcmds
ltxkeys
lua-alt-getopt
luahbtex
lualatex-math
lualibs
luaotfload
luatex
luatexbase
luatexja
ly1
makecell
mathalpha
mathpazo
mathtools
mdframed
mdwtools
metafont
mfware
microtype
modes
morefloats
mptopdf
mptopdf.win32
ms
multirow
mweights
natbib
ncntrsbk
needspace
newtx
norasi-c90
ntgclass
palatino
parskip
pbox
pdfescape
pdflscape
pdfpages
pdftex
pdftexcmds
pgf
picinpar
plain
platex
platex.win32
platex-tools
polyglossia
preprint
preview
psnfss
ptex
ptex.win32
ptex-base
ptex-fonts
refcount
rerunfilecheck
roboto
sectsty
setspace
siunitx
srcltx
standalone
stmaryrd
stringenc
sttools
subfig
subfigure
svn-prov
symbol
tabu
tex
tex-ini-files
textcase
texworks
threeparttable
threeparttablex
thumbpdf
times
tipa
titlesec
tools
translator
trimspaces
ttfutils
ttfutils.win32
tufte-latex
ucs
uhc
ulem
unicode-data
unicode-math
uniquecounter
units
uplatex
uplatex.win32
uptex
uptex.win32
uptex-base
uptex-fonts
url
varwidth
vmargin
wadalab
wallpaper
wrapfig
xargs
xcjk2uni
xcolor
xecjk
xetex
xetexconfig
xkeyval
xpinyin
xstring
xunicode
xwatermark
zapfding
zhmetrics
zhmetrics-uptex
zhnumber